// Jest Snapshot v1, https://goo.gl/fbAQLP

exports[`QuantityInput should match the snapshot 1`] = `ShallowWrapper {}`;
