// Jest Snapshot v1, https://goo.gl/fbAQLP

exports[`QuantityInput should match the snapshot 1`] = `
<div
  className="coin-input-div"
>
  <label
    className="coin-label"
  >
    Bitcoin
  </label>
  <input
    className="qty-input"
    onChange={[Function]}
    placeholder="Quantity: (5)"
    type="number"
    value=""
  />
</div>
`;
