// Jest Snapshot v1, https://goo.gl/fbAQLP

exports[`CoinChangeInfo should match the snapshot 1`] = `ShallowWrapper {}`;
