// Jest Snapshot v1, https://goo.gl/fbAQLP

exports[`CryptoContainer should match the snapshot 1`] = `ShallowWrapper {}`;
